(["has_pcmcia", "architecture", "boot_arch", "version", "boot_disk", "cdb_isdn", "has_smp", "bios_video", "is_uml", "framebuffer", "status", "cdrom", "floppy", "disk", "netif", "display", "mouse", "keyboard", "sound", "isdn", "modem", "storage", "netcard", "monitor", "printer", "tv", "dvb", "scanner", "system", "camera", "chipcard", "usbctrl", "ieee1394ctrl", "hub", "scsi", "ide", "memory", "fbdev", "usb", "pci", "isapnp", "cpu", "braille", "joystick", "bios", "pppoe", "wlan", "redasd", "block", "tape", "bluetooth", "dsl"])
